// Jest Snapshot v1, https://goo.gl/fbAQLP

exports[`Column renders with getFlex prop 1`] = `
<div
  className="column__Column-ioyXO bXVoGi"
/>
`;

exports[`Column renders with size prop 1`] = `
<div
  className="column__Column-ioyXO lneHDN"
  size={true}
/>
`;
