// Jest Snapshot v1, https://goo.gl/fbAQLP

exports[`responsive container renders with fluid prop 1`] = `
<div
  className="responsive-container__ResponsiveContainer-dGkraX cPOYWa"
/>
`;
