// Jest Snapshot v1, https://goo.gl/fbAQLP

exports[`loadingHoc Passes down size prop 1`] = `<loadingHoc />`;
